// Jest Snapshot v1, https://goo.gl/fbAQLP

exports[`HtmlText component renders correctly 1`] = `
<Text>
  undefined
</Text>
`;
